// Jest Snapshot v1, https://goo.gl/fbAQLP

exports[`<Posts /> should match snapshot 1`] = `
<div>
  <input
    placeholder="FaÃ§a sua busca"
    type="search"
    value=""
  />
</div>
`;
