// Jest Snapshot v1, https://goo.gl/fbAQLP

exports[`<Posts /> should match snapshot 1`] = `
<div
  class="posts"
>
  <div
    class="post"
  >
    <img
      alt="title 1"
      src="img/img1.png"
    />
    <div
      class="posts-content"
    >
      <h1>
        title 1
         
        1
      </h1>
      <p>
        body 1
      </p>
      <p>
        u
      </p>
    </div>
  </div>
  <div
    class="post"
  >
    <img
      alt="title 2"
      src="img/img2.png"
    />
    <div
      class="posts-content"
    >
      <h1>
        title 2
         
        2
      </h1>
      <p>
        body 2
      </p>
      <p>
        u
      </p>
    </div>
  </div>
</div>
`;
